------------------------------------------------------------
TimeQuest Timing Analyzer Summary
------------------------------------------------------------

Type  : Slow 1100mV 85C Model Setup 'clk'
Slack : -0.146
TNS   : -0.402

Type  : Slow 1100mV 85C Model Hold 'clk'
Slack : 0.246
TNS   : 0.000

Type  : Slow 1100mV 85C Model Minimum Pulse Width 'clk'
Slack : -0.394
TNS   : -4.164

Type  : Slow 1100mV 0C Model Setup 'clk'
Slack : -0.121
TNS   : -0.355

Type  : Slow 1100mV 0C Model Hold 'clk'
Slack : 0.228
TNS   : 0.000

Type  : Slow 1100mV 0C Model Minimum Pulse Width 'clk'
Slack : -0.394
TNS   : -3.819

Type  : Fast 1100mV 85C Model Setup 'clk'
Slack : 0.257
TNS   : 0.000

Type  : Fast 1100mV 85C Model Hold 'clk'
Slack : 0.156
TNS   : 0.000

Type  : Fast 1100mV 85C Model Minimum Pulse Width 'clk'
Slack : -0.339
TNS   : -2.225

Type  : Fast 1100mV 0C Model Setup 'clk'
Slack : 0.309
TNS   : 0.000

Type  : Fast 1100mV 0C Model Hold 'clk'
Slack : 0.139
TNS   : 0.000

Type  : Fast 1100mV 0C Model Minimum Pulse Width 'clk'
Slack : -0.318
TNS   : -2.080

------------------------------------------------------------
