------------------------------------------------------------
TimeQuest Timing Analyzer Summary
------------------------------------------------------------

Type  : Slow 1100mV 85C Model Setup 'CLOCK_50'
Slack : -3.959
TNS   : -302.783

Type  : Slow 1100mV 85C Model Setup 'kbdex_ctrl:kbdex_ctrl_inst|ps2_iobase:ps2_ctrl|sigtrigger'
Slack : -3.748
TNS   : -53.541

Type  : Slow 1100mV 85C Model Setup 'kbdex_ctrl:kbdex_ctrl_inst|sigsend'
Slack : -3.200
TNS   : -3.200

Type  : Slow 1100mV 85C Model Hold 'CLOCK_50'
Slack : 0.156
TNS   : 0.000

Type  : Slow 1100mV 85C Model Hold 'kbdex_ctrl:kbdex_ctrl_inst|ps2_iobase:ps2_ctrl|sigtrigger'
Slack : 0.354
TNS   : 0.000

Type  : Slow 1100mV 85C Model Hold 'kbdex_ctrl:kbdex_ctrl_inst|sigsend'
Slack : 2.506
TNS   : 0.000

Type  : Slow 1100mV 85C Model Recovery 'kbdex_ctrl:kbdex_ctrl_inst|sigsend'
Slack : -4.243
TNS   : -8.486

Type  : Slow 1100mV 85C Model Recovery 'kbdex_ctrl:kbdex_ctrl_inst|ps2_iobase:ps2_ctrl|parchecked'
Slack : -4.172
TNS   : -4.172

Type  : Slow 1100mV 85C Model Recovery 'kbdex_ctrl:kbdex_ctrl_inst|ps2_iobase:ps2_ctrl|sigtrigger'
Slack : -3.649
TNS   : -65.820

Type  : Slow 1100mV 85C Model Recovery 'CLOCK_50'
Slack : -3.196
TNS   : -186.043

Type  : Slow 1100mV 85C Model Removal 'CLOCK_50'
Slack : 0.637
TNS   : 0.000

Type  : Slow 1100mV 85C Model Removal 'kbdex_ctrl:kbdex_ctrl_inst|ps2_iobase:ps2_ctrl|sigtrigger'
Slack : 0.676
TNS   : 0.000

Type  : Slow 1100mV 85C Model Removal 'kbdex_ctrl:kbdex_ctrl_inst|ps2_iobase:ps2_ctrl|parchecked'
Slack : 3.027
TNS   : 0.000

Type  : Slow 1100mV 85C Model Removal 'kbdex_ctrl:kbdex_ctrl_inst|sigsend'
Slack : 3.271
TNS   : 0.000

Type  : Slow 1100mV 85C Model Minimum Pulse Width 'CLOCK_50'
Slack : -0.444
TNS   : -65.702

Type  : Slow 1100mV 85C Model Minimum Pulse Width 'kbdex_ctrl:kbdex_ctrl_inst|ps2_iobase:ps2_ctrl|sigtrigger'
Slack : -0.394
TNS   : -16.147

Type  : Slow 1100mV 85C Model Minimum Pulse Width 'kbdex_ctrl:kbdex_ctrl_inst|sigsend'
Slack : -0.394
TNS   : -1.084

Type  : Slow 1100mV 85C Model Minimum Pulse Width 'kbdex_ctrl:kbdex_ctrl_inst|ps2_iobase:ps2_ctrl|parchecked'
Slack : -0.394
TNS   : -0.524

Type  : Slow 1100mV 0C Model Setup 'CLOCK_50'
Slack : -4.052
TNS   : -290.195

Type  : Slow 1100mV 0C Model Setup 'kbdex_ctrl:kbdex_ctrl_inst|ps2_iobase:ps2_ctrl|sigtrigger'
Slack : -3.803
TNS   : -53.790

Type  : Slow 1100mV 0C Model Setup 'kbdex_ctrl:kbdex_ctrl_inst|sigsend'
Slack : -3.334
TNS   : -3.334

Type  : Slow 1100mV 0C Model Hold 'CLOCK_50'
Slack : -0.184
TNS   : -0.308

Type  : Slow 1100mV 0C Model Hold 'kbdex_ctrl:kbdex_ctrl_inst|ps2_iobase:ps2_ctrl|sigtrigger'
Slack : 0.265
TNS   : 0.000

Type  : Slow 1100mV 0C Model Hold 'kbdex_ctrl:kbdex_ctrl_inst|sigsend'
Slack : 2.659
TNS   : 0.000

Type  : Slow 1100mV 0C Model Recovery 'kbdex_ctrl:kbdex_ctrl_inst|ps2_iobase:ps2_ctrl|parchecked'
Slack : -4.191
TNS   : -4.191

Type  : Slow 1100mV 0C Model Recovery 'kbdex_ctrl:kbdex_ctrl_inst|sigsend'
Slack : -4.046
TNS   : -8.092

Type  : Slow 1100mV 0C Model Recovery 'kbdex_ctrl:kbdex_ctrl_inst|ps2_iobase:ps2_ctrl|sigtrigger'
Slack : -3.713
TNS   : -64.168

Type  : Slow 1100mV 0C Model Recovery 'CLOCK_50'
Slack : -3.152
TNS   : -167.321

Type  : Slow 1100mV 0C Model Removal 'CLOCK_50'
Slack : 0.244
TNS   : 0.000

Type  : Slow 1100mV 0C Model Removal 'kbdex_ctrl:kbdex_ctrl_inst|ps2_iobase:ps2_ctrl|sigtrigger'
Slack : 0.594
TNS   : 0.000

Type  : Slow 1100mV 0C Model Removal 'kbdex_ctrl:kbdex_ctrl_inst|sigsend'
Slack : 3.045
TNS   : 0.000

Type  : Slow 1100mV 0C Model Removal 'kbdex_ctrl:kbdex_ctrl_inst|ps2_iobase:ps2_ctrl|parchecked'
Slack : 3.117
TNS   : 0.000

Type  : Slow 1100mV 0C Model Minimum Pulse Width 'CLOCK_50'
Slack : -0.450
TNS   : -70.611

Type  : Slow 1100mV 0C Model Minimum Pulse Width 'kbdex_ctrl:kbdex_ctrl_inst|ps2_iobase:ps2_ctrl|sigtrigger'
Slack : -0.402
TNS   : -16.774

Type  : Slow 1100mV 0C Model Minimum Pulse Width 'kbdex_ctrl:kbdex_ctrl_inst|sigsend'
Slack : -0.394
TNS   : -1.070

Type  : Slow 1100mV 0C Model Minimum Pulse Width 'kbdex_ctrl:kbdex_ctrl_inst|ps2_iobase:ps2_ctrl|parchecked'
Slack : -0.394
TNS   : -0.514

Type  : Fast 1100mV 85C Model Setup 'CLOCK_50'
Slack : -3.068
TNS   : -142.467

Type  : Fast 1100mV 85C Model Setup 'kbdex_ctrl:kbdex_ctrl_inst|ps2_iobase:ps2_ctrl|sigtrigger'
Slack : -1.978
TNS   : -25.883

Type  : Fast 1100mV 85C Model Setup 'kbdex_ctrl:kbdex_ctrl_inst|sigsend'
Slack : -1.518
TNS   : -1.518

Type  : Fast 1100mV 85C Model Hold 'CLOCK_50'
Slack : 0.028
TNS   : 0.000

Type  : Fast 1100mV 85C Model Hold 'kbdex_ctrl:kbdex_ctrl_inst|ps2_iobase:ps2_ctrl|sigtrigger'
Slack : 0.122
TNS   : 0.000

Type  : Fast 1100mV 85C Model Hold 'kbdex_ctrl:kbdex_ctrl_inst|sigsend'
Slack : 1.233
TNS   : 0.000

Type  : Fast 1100mV 85C Model Recovery 'kbdex_ctrl:kbdex_ctrl_inst|sigsend'
Slack : -2.409
TNS   : -4.818

Type  : Fast 1100mV 85C Model Recovery 'kbdex_ctrl:kbdex_ctrl_inst|ps2_iobase:ps2_ctrl|parchecked'
Slack : -2.063
TNS   : -2.063

Type  : Fast 1100mV 85C Model Recovery 'kbdex_ctrl:kbdex_ctrl_inst|ps2_iobase:ps2_ctrl|sigtrigger'
Slack : -2.047
TNS   : -41.131

Type  : Fast 1100mV 85C Model Recovery 'CLOCK_50'
Slack : -1.703
TNS   : -101.669

Type  : Fast 1100mV 85C Model Removal 'kbdex_ctrl:kbdex_ctrl_inst|ps2_iobase:ps2_ctrl|sigtrigger'
Slack : 0.227
TNS   : 0.000

Type  : Fast 1100mV 85C Model Removal 'CLOCK_50'
Slack : 0.264
TNS   : 0.000

Type  : Fast 1100mV 85C Model Removal 'kbdex_ctrl:kbdex_ctrl_inst|ps2_iobase:ps2_ctrl|parchecked'
Slack : 1.547
TNS   : 0.000

Type  : Fast 1100mV 85C Model Removal 'kbdex_ctrl:kbdex_ctrl_inst|sigsend'
Slack : 1.671
TNS   : 0.000

Type  : Fast 1100mV 85C Model Minimum Pulse Width 'CLOCK_50'
Slack : -0.445
TNS   : -11.336

Type  : Fast 1100mV 85C Model Minimum Pulse Width 'kbdex_ctrl:kbdex_ctrl_inst|ps2_iobase:ps2_ctrl|sigtrigger'
Slack : -0.215
TNS   : -3.991

Type  : Fast 1100mV 85C Model Minimum Pulse Width 'kbdex_ctrl:kbdex_ctrl_inst|sigsend'
Slack : 0.085
TNS   : 0.000

Type  : Fast 1100mV 85C Model Minimum Pulse Width 'kbdex_ctrl:kbdex_ctrl_inst|ps2_iobase:ps2_ctrl|parchecked'
Slack : 0.129
TNS   : 0.000

Type  : Fast 1100mV 0C Model Setup 'CLOCK_50'
Slack : -2.457
TNS   : -117.605

Type  : Fast 1100mV 0C Model Setup 'kbdex_ctrl:kbdex_ctrl_inst|ps2_iobase:ps2_ctrl|sigtrigger'
Slack : -1.908
TNS   : -23.677

Type  : Fast 1100mV 0C Model Setup 'kbdex_ctrl:kbdex_ctrl_inst|sigsend'
Slack : -1.507
TNS   : -1.507

Type  : Fast 1100mV 0C Model Hold 'CLOCK_50'
Slack : -0.179
TNS   : -0.606

Type  : Fast 1100mV 0C Model Hold 'kbdex_ctrl:kbdex_ctrl_inst|ps2_iobase:ps2_ctrl|sigtrigger'
Slack : 0.051
TNS   : 0.000

Type  : Fast 1100mV 0C Model Hold 'kbdex_ctrl:kbdex_ctrl_inst|sigsend'
Slack : 1.235
TNS   : 0.000

Type  : Fast 1100mV 0C Model Recovery 'kbdex_ctrl:kbdex_ctrl_inst|sigsend'
Slack : -2.062
TNS   : -4.124

Type  : Fast 1100mV 0C Model Recovery 'kbdex_ctrl:kbdex_ctrl_inst|ps2_iobase:ps2_ctrl|parchecked'
Slack : -1.960
TNS   : -1.960

Type  : Fast 1100mV 0C Model Recovery 'kbdex_ctrl:kbdex_ctrl_inst|ps2_iobase:ps2_ctrl|sigtrigger'
Slack : -1.862
TNS   : -36.123

Type  : Fast 1100mV 0C Model Recovery 'CLOCK_50'
Slack : -1.229
TNS   : -77.172

Type  : Fast 1100mV 0C Model Removal 'CLOCK_50'
Slack : -0.041
TNS   : -0.547

Type  : Fast 1100mV 0C Model Removal 'kbdex_ctrl:kbdex_ctrl_inst|ps2_iobase:ps2_ctrl|sigtrigger'
Slack : 0.177
TNS   : 0.000

Type  : Fast 1100mV 0C Model Removal 'kbdex_ctrl:kbdex_ctrl_inst|sigsend'
Slack : 1.397
TNS   : 0.000

Type  : Fast 1100mV 0C Model Removal 'kbdex_ctrl:kbdex_ctrl_inst|ps2_iobase:ps2_ctrl|parchecked'
Slack : 1.508
TNS   : 0.000

Type  : Fast 1100mV 0C Model Minimum Pulse Width 'CLOCK_50'
Slack : -0.457
TNS   : -11.277

Type  : Fast 1100mV 0C Model Minimum Pulse Width 'kbdex_ctrl:kbdex_ctrl_inst|ps2_iobase:ps2_ctrl|sigtrigger'
Slack : -0.174
TNS   : -3.255

Type  : Fast 1100mV 0C Model Minimum Pulse Width 'kbdex_ctrl:kbdex_ctrl_inst|sigsend'
Slack : 0.102
TNS   : 0.000

Type  : Fast 1100mV 0C Model Minimum Pulse Width 'kbdex_ctrl:kbdex_ctrl_inst|ps2_iobase:ps2_ctrl|parchecked'
Slack : 0.142
TNS   : 0.000

------------------------------------------------------------
