------------------------------------------------------------
TimeQuest Timing Analyzer Summary
------------------------------------------------------------

Type  : Slow 1100mV 85C Model Setup 'CLOCK_50'
Slack : -5.385
TNS   : -363.869

Type  : Slow 1100mV 85C Model Setup 'kbdex_ctrl:kbdex_ctrl_inst|ps2_iobase:ps2_ctrl|sigtrigger'
Slack : -3.745
TNS   : -49.194

Type  : Slow 1100mV 85C Model Setup 'kbdex_ctrl:kbdex_ctrl_inst|sigsend'
Slack : -3.347
TNS   : -3.347

Type  : Slow 1100mV 85C Model Setup 'kbdex_ctrl:kbdex_ctrl_inst|key0code[0]'
Slack : -0.526
TNS   : -0.526

Type  : Slow 1100mV 85C Model Hold 'CLOCK_50'
Slack : 0.332
TNS   : 0.000

Type  : Slow 1100mV 85C Model Hold 'kbdex_ctrl:kbdex_ctrl_inst|key0code[0]'
Slack : 0.604
TNS   : 0.000

Type  : Slow 1100mV 85C Model Hold 'kbdex_ctrl:kbdex_ctrl_inst|ps2_iobase:ps2_ctrl|sigtrigger'
Slack : 0.657
TNS   : 0.000

Type  : Slow 1100mV 85C Model Hold 'kbdex_ctrl:kbdex_ctrl_inst|sigsend'
Slack : 2.722
TNS   : 0.000

Type  : Slow 1100mV 85C Model Recovery 'CLOCK_50'
Slack : -5.412
TNS   : -266.533

Type  : Slow 1100mV 85C Model Recovery 'kbdex_ctrl:kbdex_ctrl_inst|sigsend'
Slack : -4.648
TNS   : -9.295

Type  : Slow 1100mV 85C Model Recovery 'kbdex_ctrl:kbdex_ctrl_inst|ps2_iobase:ps2_ctrl|parchecked'
Slack : -3.795
TNS   : -3.795

Type  : Slow 1100mV 85C Model Recovery 'kbdex_ctrl:kbdex_ctrl_inst|ps2_iobase:ps2_ctrl|sigtrigger'
Slack : -3.743
TNS   : -55.576

Type  : Slow 1100mV 85C Model Removal 'CLOCK_50'
Slack : 0.584
TNS   : 0.000

Type  : Slow 1100mV 85C Model Removal 'kbdex_ctrl:kbdex_ctrl_inst|ps2_iobase:ps2_ctrl|sigtrigger'
Slack : 0.618
TNS   : 0.000

Type  : Slow 1100mV 85C Model Removal 'kbdex_ctrl:kbdex_ctrl_inst|ps2_iobase:ps2_ctrl|parchecked'
Slack : 2.920
TNS   : 0.000

Type  : Slow 1100mV 85C Model Removal 'kbdex_ctrl:kbdex_ctrl_inst|sigsend'
Slack : 3.544
TNS   : 0.000

Type  : Slow 1100mV 85C Model Minimum Pulse Width 'CLOCK_50'
Slack : -0.543
TNS   : -65.242

Type  : Slow 1100mV 85C Model Minimum Pulse Width 'kbdex_ctrl:kbdex_ctrl_inst|ps2_iobase:ps2_ctrl|sigtrigger'
Slack : -0.394
TNS   : -13.037

Type  : Slow 1100mV 85C Model Minimum Pulse Width 'kbdex_ctrl:kbdex_ctrl_inst|sigsend'
Slack : -0.394
TNS   : -1.018

Type  : Slow 1100mV 85C Model Minimum Pulse Width 'kbdex_ctrl:kbdex_ctrl_inst|ps2_iobase:ps2_ctrl|parchecked'
Slack : -0.394
TNS   : -0.590

Type  : Slow 1100mV 85C Model Minimum Pulse Width 'kbdex_ctrl:kbdex_ctrl_inst|key0code[0]'
Slack : -0.394
TNS   : -0.519

Type  : Slow 1100mV 0C Model Setup 'CLOCK_50'
Slack : -5.182
TNS   : -348.230

Type  : Slow 1100mV 0C Model Setup 'kbdex_ctrl:kbdex_ctrl_inst|ps2_iobase:ps2_ctrl|sigtrigger'
Slack : -3.837
TNS   : -50.225

Type  : Slow 1100mV 0C Model Setup 'kbdex_ctrl:kbdex_ctrl_inst|sigsend'
Slack : -3.473
TNS   : -3.473

Type  : Slow 1100mV 0C Model Setup 'kbdex_ctrl:kbdex_ctrl_inst|key0code[0]'
Slack : -0.517
TNS   : -0.517

Type  : Slow 1100mV 0C Model Hold 'CLOCK_50'
Slack : 0.029
TNS   : 0.000

Type  : Slow 1100mV 0C Model Hold 'kbdex_ctrl:kbdex_ctrl_inst|key0code[0]'
Slack : 0.582
TNS   : 0.000

Type  : Slow 1100mV 0C Model Hold 'kbdex_ctrl:kbdex_ctrl_inst|ps2_iobase:ps2_ctrl|sigtrigger'
Slack : 0.610
TNS   : 0.000

Type  : Slow 1100mV 0C Model Hold 'kbdex_ctrl:kbdex_ctrl_inst|sigsend'
Slack : 2.855
TNS   : 0.000

Type  : Slow 1100mV 0C Model Recovery 'CLOCK_50'
Slack : -5.277
TNS   : -241.873

Type  : Slow 1100mV 0C Model Recovery 'kbdex_ctrl:kbdex_ctrl_inst|sigsend'
Slack : -4.383
TNS   : -8.765

Type  : Slow 1100mV 0C Model Recovery 'kbdex_ctrl:kbdex_ctrl_inst|ps2_iobase:ps2_ctrl|sigtrigger'
Slack : -3.834
TNS   : -55.147

Type  : Slow 1100mV 0C Model Recovery 'kbdex_ctrl:kbdex_ctrl_inst|ps2_iobase:ps2_ctrl|parchecked'
Slack : -3.832
TNS   : -3.832

Type  : Slow 1100mV 0C Model Removal 'CLOCK_50'
Slack : 0.228
TNS   : 0.000

Type  : Slow 1100mV 0C Model Removal 'kbdex_ctrl:kbdex_ctrl_inst|ps2_iobase:ps2_ctrl|sigtrigger'
Slack : 0.559
TNS   : 0.000

Type  : Slow 1100mV 0C Model Removal 'kbdex_ctrl:kbdex_ctrl_inst|ps2_iobase:ps2_ctrl|parchecked'
Slack : 2.975
TNS   : 0.000

Type  : Slow 1100mV 0C Model Removal 'kbdex_ctrl:kbdex_ctrl_inst|sigsend'
Slack : 3.277
TNS   : 0.000

Type  : Slow 1100mV 0C Model Minimum Pulse Width 'CLOCK_50'
Slack : -0.523
TNS   : -69.255

Type  : Slow 1100mV 0C Model Minimum Pulse Width 'kbdex_ctrl:kbdex_ctrl_inst|ps2_iobase:ps2_ctrl|sigtrigger'
Slack : -0.394
TNS   : -13.794

Type  : Slow 1100mV 0C Model Minimum Pulse Width 'kbdex_ctrl:kbdex_ctrl_inst|sigsend'
Slack : -0.394
TNS   : -1.020

Type  : Slow 1100mV 0C Model Minimum Pulse Width 'kbdex_ctrl:kbdex_ctrl_inst|ps2_iobase:ps2_ctrl|parchecked'
Slack : -0.394
TNS   : -0.571

Type  : Slow 1100mV 0C Model Minimum Pulse Width 'kbdex_ctrl:kbdex_ctrl_inst|key0code[0]'
Slack : -0.394
TNS   : -0.524

Type  : Fast 1100mV 85C Model Setup 'CLOCK_50'
Slack : -3.062
TNS   : -187.878

Type  : Fast 1100mV 85C Model Setup 'kbdex_ctrl:kbdex_ctrl_inst|ps2_iobase:ps2_ctrl|sigtrigger'
Slack : -1.970
TNS   : -23.294

Type  : Fast 1100mV 85C Model Setup 'kbdex_ctrl:kbdex_ctrl_inst|sigsend'
Slack : -1.609
TNS   : -1.609

Type  : Fast 1100mV 85C Model Setup 'kbdex_ctrl:kbdex_ctrl_inst|key0code[0]'
Slack : -0.004
TNS   : -0.004

Type  : Fast 1100mV 85C Model Hold 'CLOCK_50'
Slack : -0.010
TNS   : -0.010

Type  : Fast 1100mV 85C Model Hold 'kbdex_ctrl:kbdex_ctrl_inst|ps2_iobase:ps2_ctrl|sigtrigger'
Slack : 0.030
TNS   : 0.000

Type  : Fast 1100mV 85C Model Hold 'kbdex_ctrl:kbdex_ctrl_inst|key0code[0]'
Slack : 0.313
TNS   : 0.000

Type  : Fast 1100mV 85C Model Hold 'kbdex_ctrl:kbdex_ctrl_inst|sigsend'
Slack : 1.379
TNS   : 0.000

Type  : Fast 1100mV 85C Model Recovery 'CLOCK_50'
Slack : -2.990
TNS   : -166.367

Type  : Fast 1100mV 85C Model Recovery 'kbdex_ctrl:kbdex_ctrl_inst|sigsend'
Slack : -2.784
TNS   : -5.567

Type  : Fast 1100mV 85C Model Recovery 'kbdex_ctrl:kbdex_ctrl_inst|ps2_iobase:ps2_ctrl|sigtrigger'
Slack : -2.016
TNS   : -32.582

Type  : Fast 1100mV 85C Model Recovery 'kbdex_ctrl:kbdex_ctrl_inst|ps2_iobase:ps2_ctrl|parchecked'
Slack : -1.844
TNS   : -1.844

Type  : Fast 1100mV 85C Model Removal 'kbdex_ctrl:kbdex_ctrl_inst|ps2_iobase:ps2_ctrl|sigtrigger'
Slack : 0.199
TNS   : 0.000

Type  : Fast 1100mV 85C Model Removal 'CLOCK_50'
Slack : 0.297
TNS   : 0.000

Type  : Fast 1100mV 85C Model Removal 'kbdex_ctrl:kbdex_ctrl_inst|ps2_iobase:ps2_ctrl|parchecked'
Slack : 1.414
TNS   : 0.000

Type  : Fast 1100mV 85C Model Removal 'kbdex_ctrl:kbdex_ctrl_inst|sigsend'
Slack : 1.929
TNS   : 0.000

Type  : Fast 1100mV 85C Model Minimum Pulse Width 'CLOCK_50'
Slack : -0.517
TNS   : -12.068

Type  : Fast 1100mV 85C Model Minimum Pulse Width 'kbdex_ctrl:kbdex_ctrl_inst|ps2_iobase:ps2_ctrl|sigtrigger'
Slack : -0.094
TNS   : -1.786

Type  : Fast 1100mV 85C Model Minimum Pulse Width 'kbdex_ctrl:kbdex_ctrl_inst|ps2_iobase:ps2_ctrl|parchecked'
Slack : 0.032
TNS   : 0.000

Type  : Fast 1100mV 85C Model Minimum Pulse Width 'kbdex_ctrl:kbdex_ctrl_inst|key0code[0]'
Slack : 0.159
TNS   : 0.000

Type  : Fast 1100mV 85C Model Minimum Pulse Width 'kbdex_ctrl:kbdex_ctrl_inst|sigsend'
Slack : 0.161
TNS   : 0.000

Type  : Fast 1100mV 0C Model Setup 'CLOCK_50'
Slack : -2.567
TNS   : -157.219

Type  : Fast 1100mV 0C Model Setup 'kbdex_ctrl:kbdex_ctrl_inst|ps2_iobase:ps2_ctrl|sigtrigger'
Slack : -1.775
TNS   : -21.581

Type  : Fast 1100mV 0C Model Setup 'kbdex_ctrl:kbdex_ctrl_inst|sigsend'
Slack : -1.583
TNS   : -1.583

Type  : Fast 1100mV 0C Model Setup 'kbdex_ctrl:kbdex_ctrl_inst|key0code[0]'
Slack : 0.037
TNS   : 0.000

Type  : Fast 1100mV 0C Model Hold 'CLOCK_50'
Slack : -0.209
TNS   : -1.583

Type  : Fast 1100mV 0C Model Hold 'kbdex_ctrl:kbdex_ctrl_inst|ps2_iobase:ps2_ctrl|sigtrigger'
Slack : 0.000
TNS   : 0.000

Type  : Fast 1100mV 0C Model Hold 'kbdex_ctrl:kbdex_ctrl_inst|key0code[0]'
Slack : 0.282
TNS   : 0.000

Type  : Fast 1100mV 0C Model Hold 'kbdex_ctrl:kbdex_ctrl_inst|sigsend'
Slack : 1.364
TNS   : 0.000

Type  : Fast 1100mV 0C Model Recovery 'CLOCK_50'
Slack : -2.611
TNS   : -131.816

Type  : Fast 1100mV 0C Model Recovery 'kbdex_ctrl:kbdex_ctrl_inst|sigsend'
Slack : -2.362
TNS   : -4.723

Type  : Fast 1100mV 0C Model Recovery 'kbdex_ctrl:kbdex_ctrl_inst|ps2_iobase:ps2_ctrl|sigtrigger'
Slack : -1.923
TNS   : -28.942

Type  : Fast 1100mV 0C Model Recovery 'kbdex_ctrl:kbdex_ctrl_inst|ps2_iobase:ps2_ctrl|parchecked'
Slack : -1.764
TNS   : -1.764

Type  : Fast 1100mV 0C Model Removal 'CLOCK_50'
Slack : 0.004
TNS   : 0.000

Type  : Fast 1100mV 0C Model Removal 'kbdex_ctrl:kbdex_ctrl_inst|ps2_iobase:ps2_ctrl|sigtrigger'
Slack : 0.155
TNS   : 0.000

Type  : Fast 1100mV 0C Model Removal 'kbdex_ctrl:kbdex_ctrl_inst|ps2_iobase:ps2_ctrl|parchecked'
Slack : 1.374
TNS   : 0.000

Type  : Fast 1100mV 0C Model Removal 'kbdex_ctrl:kbdex_ctrl_inst|sigsend'
Slack : 1.623
TNS   : 0.000

Type  : Fast 1100mV 0C Model Minimum Pulse Width 'CLOCK_50'
Slack : -0.492
TNS   : -11.757

Type  : Fast 1100mV 0C Model Minimum Pulse Width 'kbdex_ctrl:kbdex_ctrl_inst|ps2_iobase:ps2_ctrl|sigtrigger'
Slack : -0.086
TNS   : -1.499

Type  : Fast 1100mV 0C Model Minimum Pulse Width 'kbdex_ctrl:kbdex_ctrl_inst|ps2_iobase:ps2_ctrl|parchecked'
Slack : 0.067
TNS   : 0.000

Type  : Fast 1100mV 0C Model Minimum Pulse Width 'kbdex_ctrl:kbdex_ctrl_inst|key0code[0]'
Slack : 0.157
TNS   : 0.000

Type  : Fast 1100mV 0C Model Minimum Pulse Width 'kbdex_ctrl:kbdex_ctrl_inst|sigsend'
Slack : 0.160
TNS   : 0.000

------------------------------------------------------------
