------------------------------------------------------------
TimeQuest Timing Analyzer Summary
------------------------------------------------------------

Type  : Slow 1100mV 85C Model Setup 'CLOCK_50'
Slack : 10.890
TNS   : 0.000

Type  : Slow 1100mV 85C Model Setup 'vga_controller|divider|vga_pll_inst|altera_pll_i|general[0].gpll~PLL_OUTPUT_COUNTER|divclk'
Slack : 21.670
TNS   : 0.000

Type  : Slow 1100mV 85C Model Hold 'CLOCK_50'
Slack : 0.375
TNS   : 0.000

Type  : Slow 1100mV 85C Model Hold 'vga_controller|divider|vga_pll_inst|altera_pll_i|general[0].gpll~PLL_OUTPUT_COUNTER|divclk'
Slack : 0.396
TNS   : 0.000

Type  : Slow 1100mV 85C Model Minimum Pulse Width 'vga_controller|divider|vga_pll_inst|altera_pll_i|general[0].gpll~FRACTIONAL_PLL|vcoph[0]'
Slack : 0.325
TNS   : 0.000

Type  : Slow 1100mV 85C Model Minimum Pulse Width 'CLOCK_50'
Slack : 8.881
TNS   : 0.000

Type  : Slow 1100mV 85C Model Minimum Pulse Width 'vga_controller|divider|vga_pll_inst|altera_pll_i|general[0].gpll~PLL_OUTPUT_COUNTER|divclk'
Slack : 18.643
TNS   : 0.000

Type  : Slow 1100mV 0C Model Setup 'CLOCK_50'
Slack : 10.975
TNS   : 0.000

Type  : Slow 1100mV 0C Model Setup 'vga_controller|divider|vga_pll_inst|altera_pll_i|general[0].gpll~PLL_OUTPUT_COUNTER|divclk'
Slack : 21.129
TNS   : 0.000

Type  : Slow 1100mV 0C Model Hold 'CLOCK_50'
Slack : 0.371
TNS   : 0.000

Type  : Slow 1100mV 0C Model Hold 'vga_controller|divider|vga_pll_inst|altera_pll_i|general[0].gpll~PLL_OUTPUT_COUNTER|divclk'
Slack : 0.394
TNS   : 0.000

Type  : Slow 1100mV 0C Model Minimum Pulse Width 'vga_controller|divider|vga_pll_inst|altera_pll_i|general[0].gpll~FRACTIONAL_PLL|vcoph[0]'
Slack : 0.325
TNS   : 0.000

Type  : Slow 1100mV 0C Model Minimum Pulse Width 'CLOCK_50'
Slack : 8.831
TNS   : 0.000

Type  : Slow 1100mV 0C Model Minimum Pulse Width 'vga_controller|divider|vga_pll_inst|altera_pll_i|general[0].gpll~PLL_OUTPUT_COUNTER|divclk'
Slack : 18.624
TNS   : 0.000

Type  : Fast 1100mV 85C Model Setup 'CLOCK_50'
Slack : 14.098
TNS   : 0.000

Type  : Fast 1100mV 85C Model Setup 'vga_controller|divider|vga_pll_inst|altera_pll_i|general[0].gpll~PLL_OUTPUT_COUNTER|divclk'
Slack : 30.362
TNS   : 0.000

Type  : Fast 1100mV 85C Model Hold 'CLOCK_50'
Slack : 0.181
TNS   : 0.000

Type  : Fast 1100mV 85C Model Hold 'vga_controller|divider|vga_pll_inst|altera_pll_i|general[0].gpll~PLL_OUTPUT_COUNTER|divclk'
Slack : 0.251
TNS   : 0.000

Type  : Fast 1100mV 85C Model Minimum Pulse Width 'vga_controller|divider|vga_pll_inst|altera_pll_i|general[0].gpll~FRACTIONAL_PLL|vcoph[0]'
Slack : 0.325
TNS   : 0.000

Type  : Fast 1100mV 85C Model Minimum Pulse Width 'CLOCK_50'
Slack : 8.783
TNS   : 0.000

Type  : Fast 1100mV 85C Model Minimum Pulse Width 'vga_controller|divider|vga_pll_inst|altera_pll_i|general[0].gpll~PLL_OUTPUT_COUNTER|divclk'
Slack : 18.755
TNS   : 0.000

Type  : Fast 1100mV 0C Model Setup 'CLOCK_50'
Slack : 14.609
TNS   : 0.000

Type  : Fast 1100mV 0C Model Setup 'vga_controller|divider|vga_pll_inst|altera_pll_i|general[0].gpll~PLL_OUTPUT_COUNTER|divclk'
Slack : 30.879
TNS   : 0.000

Type  : Fast 1100mV 0C Model Hold 'CLOCK_50'
Slack : 0.155
TNS   : 0.000

Type  : Fast 1100mV 0C Model Hold 'vga_controller|divider|vga_pll_inst|altera_pll_i|general[0].gpll~PLL_OUTPUT_COUNTER|divclk'
Slack : 0.238
TNS   : 0.000

Type  : Fast 1100mV 0C Model Minimum Pulse Width 'vga_controller|divider|vga_pll_inst|altera_pll_i|general[0].gpll~FRACTIONAL_PLL|vcoph[0]'
Slack : 0.325
TNS   : 0.000

Type  : Fast 1100mV 0C Model Minimum Pulse Width 'CLOCK_50'
Slack : 8.779
TNS   : 0.000

Type  : Fast 1100mV 0C Model Minimum Pulse Width 'vga_controller|divider|vga_pll_inst|altera_pll_i|general[0].gpll~PLL_OUTPUT_COUNTER|divclk'
Slack : 18.751
TNS   : 0.000

------------------------------------------------------------
